// Vitest Snapshot v1, https://vitest.dev/guide/snapshot.html

exports[`bench scenario casts a stable set of beam items 1`] = `
[
  {
    "box": {
      "x": 116,
      "xd": 8,
      "y": 48,
      "yd": 144,
      "z": 2,
      "zd": 8,
    },
    "direction": {
      "x": 0,
      "y": 1,
      "z": 0,
    },
    "end": "reflect-left",
    "id": "lb",
  },
  {
    "box": {
      "x": 48,
      "xd": 64,
      "y": 196,
      "yd": 8,
      "z": 2,
      "zd": 8,
    },
    "direction": {
      "x": -1,
      "y": -0,
      "z": 0,
    },
    "end": "reflect-left",
    "id": "lb1",
  },
  {
    "box": {
      "x": 36,
      "xd": 8,
      "y": 80,
      "yd": 112,
      "z": 2,
      "zd": 8,
    },
    "direction": {
      "x": -0,
      "y": -1,
      "z": 0,
    },
    "end": "reflect-left",
    "id": "lb2",
  },
  {
    "box": {
      "x": 48,
      "xd": 208,
      "y": 68,
      "yd": 8,
      "z": 2,
      "zd": 8,
    },
    "direction": {
      "x": 1,
      "y": 0,
      "z": 0,
    },
    "end": "terminus",
    "id": "lb3",
  },
  {
    "box": {
      "x": 116,
      "xd": 8,
      "y": 48,
      "yd": 144,
      "z": 14,
      "zd": 8,
    },
    "direction": {
      "x": 0,
      "y": 1,
      "z": 0,
    },
    "end": "reflect-left",
    "id": "lb4",
  },
  {
    "box": {
      "x": 0,
      "xd": 112,
      "y": 196,
      "yd": 8,
      "z": 14,
      "zd": 8,
    },
    "direction": {
      "x": -1,
      "y": -0,
      "z": 0,
    },
    "end": "terminus",
    "id": "lb5",
  },
]
`;
