// Vitest Snapshot v1, https://vitest.dev/guide/snapshot.html

exports[`updateZEdges correctness 1`] = `
[
  "item-12->item-1",
  "item-13->item-2",
  "item-14->item-3",
  "item-21->item-10",
  "item-22->item-11",
  "item-23->item-1",
  "item-23->item-12",
  "item-24->item-13",
  "item-24->item-2",
  "item-25->item-14",
  "item-25->item-3",
  "item-26->item-15",
  "item-36->item-14",
  "item-37->item-15",
  "item-37->item-26",
  "item-38->item-27",
  "item-39->item-28",
  "item-46->item-35",
  "item-47->item-36",
  "item-48->item-15",
  "item-48->item-26",
  "item-48->item-37",
  "item-49->item-27",
  "item-49->item-38",
  "item-51->item-40",
  "item-52->item-41",
  "item-55->item-44",
  "item-62->item-40",
  "item-62->item-51",
  "item-63->item-52",
  "item-64->item-53",
  "item-72->item-61",
  "item-73->item-40",
  "item-73->item-51",
  "item-73->item-62",
  "item-74->item-52",
  "item-74->item-63",
  "item-75->item-42",
  "item-75->item-53",
  "item-76->item-65",
  "item-77->item-66",
  "item-86->item-53",
  "item-86->item-64",
  "item-87->item-65",
  "item-87->item-76",
  "item-88->item-77",
  "item-89->item-78",
  "item-96->item-85",
  "item-98->item-65",
  "item-98->item-76",
  "item-98->item-87",
  "item-99->item-77",
  "item-99->item-88",
]
`;
