// Vitest Snapshot v1, https://vitest.dev/guide/snapshot.html

exports[`updateZEdges correctness 1`] = `
Map {
  {
    "aabb": {
      "x": 1,
      "y": 1,
      "z": 1,
    },
    "fixedZIndex": undefined,
    "id": "item-22",
    "state": {
      "position": {
        "x": 4,
        "y": 4,
        "z": 0,
      },
    },
  } => Map {
    {
      "aabb": {
        "x": 1,
        "y": 1,
        "z": 1,
      },
      "fixedZIndex": undefined,
      "id": "item-11",
      "state": {
        "position": {
          "x": 2,
          "y": 2,
          "z": 1,
        },
      },
    } => false,
  },
  {
    "aabb": {
      "x": 1,
      "y": 1,
      "z": 1,
    },
    "fixedZIndex": undefined,
    "id": "item-12",
    "state": {
      "position": {
        "x": 4,
        "y": 2,
        "z": 2,
      },
    },
  } => Map {
    {
      "aabb": {
        "x": 1,
        "y": 1,
        "z": 1,
      },
      "fixedZIndex": undefined,
      "id": "item-1",
      "state": {
        "position": {
          "x": 2,
          "y": 0,
          "z": 4,
        },
      },
    } => false,
  },
  {
    "aabb": {
      "x": 1,
      "y": 1,
      "z": 1,
    },
    "fixedZIndex": undefined,
    "id": "item-23",
    "state": {
      "position": {
        "x": 6,
        "y": 4,
        "z": 0,
      },
    },
  } => Map {
    {
      "aabb": {
        "x": 1,
        "y": 1,
        "z": 1,
      },
      "fixedZIndex": undefined,
      "id": "item-1",
      "state": {
        "position": {
          "x": 2,
          "y": 0,
          "z": 4,
        },
      },
    } => false,
    {
      "aabb": {
        "x": 1,
        "y": 1,
        "z": 1,
      },
      "fixedZIndex": undefined,
      "id": "item-12",
      "state": {
        "position": {
          "x": 4,
          "y": 2,
          "z": 2,
        },
      },
    } => false,
  },
  {
    "aabb": {
      "x": 1,
      "y": 1,
      "z": 1,
    },
    "fixedZIndex": undefined,
    "id": "item-13",
    "state": {
      "position": {
        "x": 6,
        "y": 2,
        "z": 3,
      },
    },
  } => Map {
    {
      "aabb": {
        "x": 1,
        "y": 1,
        "z": 1,
      },
      "fixedZIndex": undefined,
      "id": "item-2",
      "state": {
        "position": {
          "x": 4,
          "y": 0,
          "z": 5,
        },
      },
    } => false,
  },
  {
    "aabb": {
      "x": 1,
      "y": 1,
      "z": 1,
    },
    "fixedZIndex": undefined,
    "id": "item-24",
    "state": {
      "position": {
        "x": 8,
        "y": 4,
        "z": 1,
      },
    },
  } => Map {
    {
      "aabb": {
        "x": 1,
        "y": 1,
        "z": 1,
      },
      "fixedZIndex": undefined,
      "id": "item-2",
      "state": {
        "position": {
          "x": 4,
          "y": 0,
          "z": 5,
        },
      },
    } => false,
    {
      "aabb": {
        "x": 1,
        "y": 1,
        "z": 1,
      },
      "fixedZIndex": undefined,
      "id": "item-13",
      "state": {
        "position": {
          "x": 6,
          "y": 2,
          "z": 3,
        },
      },
    } => false,
  },
  {
    "aabb": {
      "x": 1,
      "y": 1,
      "z": 1,
    },
    "fixedZIndex": undefined,
    "id": "item-14",
    "state": {
      "position": {
        "x": 8,
        "y": 2,
        "z": 4,
      },
    },
  } => Map {
    {
      "aabb": {
        "x": 1,
        "y": 1,
        "z": 1,
      },
      "fixedZIndex": undefined,
      "id": "item-3",
      "state": {
        "position": {
          "x": 6,
          "y": 0,
          "z": 5,
        },
      },
    } => false,
  },
  {
    "aabb": {
      "x": 1,
      "y": 1,
      "z": 1,
    },
    "fixedZIndex": undefined,
    "id": "item-36",
    "state": {
      "position": {
        "x": 12,
        "y": 6,
        "z": 1,
      },
    },
  } => Map {
    {
      "aabb": {
        "x": 1,
        "y": 1,
        "z": 1,
      },
      "fixedZIndex": undefined,
      "id": "item-14",
      "state": {
        "position": {
          "x": 8,
          "y": 2,
          "z": 4,
        },
      },
    } => false,
  },
  {
    "aabb": {
      "x": 1,
      "y": 1,
      "z": 1,
    },
    "fixedZIndex": undefined,
    "id": "item-37",
    "state": {
      "position": {
        "x": 14,
        "y": 6,
        "z": 2,
      },
    },
  } => Map {
    {
      "aabb": {
        "x": 1,
        "y": 1,
        "z": 1,
      },
      "fixedZIndex": undefined,
      "id": "item-26",
      "state": {
        "position": {
          "x": 12,
          "y": 4,
          "z": 4,
        },
      },
    } => false,
    {
      "aabb": {
        "x": 1,
        "y": 1,
        "z": 1,
      },
      "fixedZIndex": undefined,
      "id": "item-15",
      "state": {
        "position": {
          "x": 10,
          "y": 2,
          "z": 5,
        },
      },
    } => false,
  },
  {
    "aabb": {
      "x": 1,
      "y": 1,
      "z": 1,
    },
    "fixedZIndex": undefined,
    "id": "item-48",
    "state": {
      "position": {
        "x": 16,
        "y": 8,
        "z": 0,
      },
    },
  } => Map {
    {
      "aabb": {
        "x": 1,
        "y": 1,
        "z": 1,
      },
      "fixedZIndex": undefined,
      "id": "item-26",
      "state": {
        "position": {
          "x": 12,
          "y": 4,
          "z": 4,
        },
      },
    } => false,
    {
      "aabb": {
        "x": 1,
        "y": 1,
        "z": 1,
      },
      "fixedZIndex": undefined,
      "id": "item-37",
      "state": {
        "position": {
          "x": 14,
          "y": 6,
          "z": 2,
        },
      },
    } => false,
    {
      "aabb": {
        "x": 1,
        "y": 1,
        "z": 1,
      },
      "fixedZIndex": undefined,
      "id": "item-15",
      "state": {
        "position": {
          "x": 10,
          "y": 2,
          "z": 5,
        },
      },
    } => false,
  },
  {
    "aabb": {
      "x": 1,
      "y": 1,
      "z": 1,
    },
    "fixedZIndex": undefined,
    "id": "item-38",
    "state": {
      "position": {
        "x": 16,
        "y": 6,
        "z": 3,
      },
    },
  } => Map {
    {
      "aabb": {
        "x": 1,
        "y": 1,
        "z": 1,
      },
      "fixedZIndex": undefined,
      "id": "item-27",
      "state": {
        "position": {
          "x": 14,
          "y": 4,
          "z": 5,
        },
      },
    } => false,
  },
  {
    "aabb": {
      "x": 1,
      "y": 1,
      "z": 1,
    },
    "fixedZIndex": undefined,
    "id": "item-49",
    "state": {
      "position": {
        "x": 18,
        "y": 8,
        "z": 1,
      },
    },
  } => Map {
    {
      "aabb": {
        "x": 1,
        "y": 1,
        "z": 1,
      },
      "fixedZIndex": undefined,
      "id": "item-27",
      "state": {
        "position": {
          "x": 14,
          "y": 4,
          "z": 5,
        },
      },
    } => false,
    {
      "aabb": {
        "x": 1,
        "y": 1,
        "z": 1,
      },
      "fixedZIndex": undefined,
      "id": "item-38",
      "state": {
        "position": {
          "x": 16,
          "y": 6,
          "z": 3,
        },
      },
    } => false,
  },
  {
    "aabb": {
      "x": 1,
      "y": 1,
      "z": 1,
    },
    "fixedZIndex": undefined,
    "id": "item-39",
    "state": {
      "position": {
        "x": 18,
        "y": 6,
        "z": 4,
      },
    },
  } => Map {
    {
      "aabb": {
        "x": 1,
        "y": 1,
        "z": 1,
      },
      "fixedZIndex": undefined,
      "id": "item-28",
      "state": {
        "position": {
          "x": 16,
          "y": 4,
          "z": 5,
        },
      },
    } => false,
  },
  {
    "aabb": {
      "x": 1,
      "y": 1,
      "z": 1,
    },
    "fixedZIndex": undefined,
    "id": "item-47",
    "state": {
      "position": {
        "x": 14,
        "y": 8,
        "z": 0,
      },
    },
  } => Map {
    {
      "aabb": {
        "x": 1,
        "y": 1,
        "z": 1,
      },
      "fixedZIndex": undefined,
      "id": "item-36",
      "state": {
        "position": {
          "x": 12,
          "y": 6,
          "z": 1,
        },
      },
    } => false,
  },
  {
    "aabb": {
      "x": 1,
      "y": 1,
      "z": 1,
    },
    "fixedZIndex": undefined,
    "id": "item-62",
    "state": {
      "position": {
        "x": 4,
        "y": 12,
        "z": 1,
      },
    },
  } => Map {
    {
      "aabb": {
        "x": 1,
        "y": 1,
        "z": 1,
      },
      "fixedZIndex": undefined,
      "id": "item-51",
      "state": {
        "position": {
          "x": 2,
          "y": 10,
          "z": 3,
        },
      },
    } => false,
    {
      "aabb": {
        "x": 1,
        "y": 1,
        "z": 1,
      },
      "fixedZIndex": undefined,
      "id": "item-40",
      "state": {
        "position": {
          "x": 0,
          "y": 8,
          "z": 5,
        },
      },
    } => false,
  },
  {
    "aabb": {
      "x": 1,
      "y": 1,
      "z": 1,
    },
    "fixedZIndex": undefined,
    "id": "item-73",
    "state": {
      "position": {
        "x": 6,
        "y": 14,
        "z": 0,
      },
    },
  } => Map {
    {
      "aabb": {
        "x": 1,
        "y": 1,
        "z": 1,
      },
      "fixedZIndex": undefined,
      "id": "item-51",
      "state": {
        "position": {
          "x": 2,
          "y": 10,
          "z": 3,
        },
      },
    } => false,
    {
      "aabb": {
        "x": 1,
        "y": 1,
        "z": 1,
      },
      "fixedZIndex": undefined,
      "id": "item-62",
      "state": {
        "position": {
          "x": 4,
          "y": 12,
          "z": 1,
        },
      },
    } => false,
    {
      "aabb": {
        "x": 1,
        "y": 1,
        "z": 1,
      },
      "fixedZIndex": undefined,
      "id": "item-40",
      "state": {
        "position": {
          "x": 0,
          "y": 8,
          "z": 5,
        },
      },
    } => false,
  },
  {
    "aabb": {
      "x": 1,
      "y": 1,
      "z": 1,
    },
    "fixedZIndex": undefined,
    "id": "item-52",
    "state": {
      "position": {
        "x": 4,
        "y": 10,
        "z": 4,
      },
    },
  } => Map {
    {
      "aabb": {
        "x": 1,
        "y": 1,
        "z": 1,
      },
      "fixedZIndex": undefined,
      "id": "item-41",
      "state": {
        "position": {
          "x": 2,
          "y": 8,
          "z": 5,
        },
      },
    } => false,
  },
  {
    "aabb": {
      "x": 1,
      "y": 1,
      "z": 1,
    },
    "fixedZIndex": undefined,
    "id": "item-63",
    "state": {
      "position": {
        "x": 6,
        "y": 12,
        "z": 3,
      },
    },
  } => Map {
    {
      "aabb": {
        "x": 1,
        "y": 1,
        "z": 1,
      },
      "fixedZIndex": undefined,
      "id": "item-52",
      "state": {
        "position": {
          "x": 4,
          "y": 10,
          "z": 4,
        },
      },
    } => false,
  },
  {
    "aabb": {
      "x": 1,
      "y": 1,
      "z": 1,
    },
    "fixedZIndex": undefined,
    "id": "item-74",
    "state": {
      "position": {
        "x": 8,
        "y": 14,
        "z": 1,
      },
    },
  } => Map {
    {
      "aabb": {
        "x": 1,
        "y": 1,
        "z": 1,
      },
      "fixedZIndex": undefined,
      "id": "item-52",
      "state": {
        "position": {
          "x": 4,
          "y": 10,
          "z": 4,
        },
      },
    } => false,
    {
      "aabb": {
        "x": 1,
        "y": 1,
        "z": 1,
      },
      "fixedZIndex": undefined,
      "id": "item-63",
      "state": {
        "position": {
          "x": 6,
          "y": 12,
          "z": 3,
        },
      },
    } => false,
  },
  {
    "aabb": {
      "x": 1,
      "y": 1,
      "z": 1,
    },
    "fixedZIndex": undefined,
    "id": "item-64",
    "state": {
      "position": {
        "x": 8,
        "y": 12,
        "z": 4,
      },
    },
  } => Map {
    {
      "aabb": {
        "x": 1,
        "y": 1,
        "z": 1,
      },
      "fixedZIndex": undefined,
      "id": "item-53",
      "state": {
        "position": {
          "x": 6,
          "y": 10,
          "z": 5,
        },
      },
    } => false,
  },
  {
    "aabb": {
      "x": 1,
      "y": 1,
      "z": 1,
    },
    "fixedZIndex": undefined,
    "id": "item-86",
    "state": {
      "position": {
        "x": 12,
        "y": 16,
        "z": 0,
      },
    },
  } => Map {
    {
      "aabb": {
        "x": 1,
        "y": 1,
        "z": 1,
      },
      "fixedZIndex": undefined,
      "id": "item-53",
      "state": {
        "position": {
          "x": 6,
          "y": 10,
          "z": 5,
        },
      },
    } => false,
    {
      "aabb": {
        "x": 1,
        "y": 1,
        "z": 1,
      },
      "fixedZIndex": undefined,
      "id": "item-64",
      "state": {
        "position": {
          "x": 8,
          "y": 12,
          "z": 4,
        },
      },
    } => false,
  },
  {
    "aabb": {
      "x": 1,
      "y": 1,
      "z": 1,
    },
    "fixedZIndex": undefined,
    "id": "item-72",
    "state": {
      "position": {
        "x": 4,
        "y": 14,
        "z": 0,
      },
    },
  } => Map {
    {
      "aabb": {
        "x": 1,
        "y": 1,
        "z": 1,
      },
      "fixedZIndex": undefined,
      "id": "item-61",
      "state": {
        "position": {
          "x": 2,
          "y": 12,
          "z": 1,
        },
      },
    } => false,
  },
  {
    "aabb": {
      "x": 1,
      "y": 1,
      "z": 1,
    },
    "fixedZIndex": undefined,
    "id": "item-87",
    "state": {
      "position": {
        "x": 14,
        "y": 16,
        "z": 1,
      },
    },
  } => Map {
    {
      "aabb": {
        "x": 1,
        "y": 1,
        "z": 1,
      },
      "fixedZIndex": undefined,
      "id": "item-76",
      "state": {
        "position": {
          "x": 12,
          "y": 14,
          "z": 3,
        },
      },
    } => false,
    {
      "aabb": {
        "x": 1,
        "y": 1,
        "z": 1,
      },
      "fixedZIndex": undefined,
      "id": "item-65",
      "state": {
        "position": {
          "x": 10,
          "y": 12,
          "z": 5,
        },
      },
    } => false,
  },
  {
    "aabb": {
      "x": 1,
      "y": 1,
      "z": 1,
    },
    "fixedZIndex": undefined,
    "id": "item-98",
    "state": {
      "position": {
        "x": 16,
        "y": 18,
        "z": 0,
      },
    },
  } => Map {
    {
      "aabb": {
        "x": 1,
        "y": 1,
        "z": 1,
      },
      "fixedZIndex": undefined,
      "id": "item-76",
      "state": {
        "position": {
          "x": 12,
          "y": 14,
          "z": 3,
        },
      },
    } => false,
    {
      "aabb": {
        "x": 1,
        "y": 1,
        "z": 1,
      },
      "fixedZIndex": undefined,
      "id": "item-87",
      "state": {
        "position": {
          "x": 14,
          "y": 16,
          "z": 1,
        },
      },
    } => false,
    {
      "aabb": {
        "x": 1,
        "y": 1,
        "z": 1,
      },
      "fixedZIndex": undefined,
      "id": "item-65",
      "state": {
        "position": {
          "x": 10,
          "y": 12,
          "z": 5,
        },
      },
    } => false,
  },
  {
    "aabb": {
      "x": 1,
      "y": 1,
      "z": 1,
    },
    "fixedZIndex": undefined,
    "id": "item-77",
    "state": {
      "position": {
        "x": 14,
        "y": 14,
        "z": 4,
      },
    },
  } => Map {
    {
      "aabb": {
        "x": 1,
        "y": 1,
        "z": 1,
      },
      "fixedZIndex": undefined,
      "id": "item-66",
      "state": {
        "position": {
          "x": 12,
          "y": 12,
          "z": 5,
        },
      },
    } => false,
  },
  {
    "aabb": {
      "x": 1,
      "y": 1,
      "z": 1,
    },
    "fixedZIndex": undefined,
    "id": "item-88",
    "state": {
      "position": {
        "x": 16,
        "y": 16,
        "z": 3,
      },
    },
  } => Map {
    {
      "aabb": {
        "x": 1,
        "y": 1,
        "z": 1,
      },
      "fixedZIndex": undefined,
      "id": "item-77",
      "state": {
        "position": {
          "x": 14,
          "y": 14,
          "z": 4,
        },
      },
    } => false,
  },
  {
    "aabb": {
      "x": 1,
      "y": 1,
      "z": 1,
    },
    "fixedZIndex": undefined,
    "id": "item-99",
    "state": {
      "position": {
        "x": 18,
        "y": 18,
        "z": 1,
      },
    },
  } => Map {
    {
      "aabb": {
        "x": 1,
        "y": 1,
        "z": 1,
      },
      "fixedZIndex": undefined,
      "id": "item-77",
      "state": {
        "position": {
          "x": 14,
          "y": 14,
          "z": 4,
        },
      },
    } => false,
    {
      "aabb": {
        "x": 1,
        "y": 1,
        "z": 1,
      },
      "fixedZIndex": undefined,
      "id": "item-88",
      "state": {
        "position": {
          "x": 16,
          "y": 16,
          "z": 3,
        },
      },
    } => false,
  },
  {
    "aabb": {
      "x": 1,
      "y": 1,
      "z": 1,
    },
    "fixedZIndex": undefined,
    "id": "item-89",
    "state": {
      "position": {
        "x": 18,
        "y": 16,
        "z": 4,
      },
    },
  } => Map {
    {
      "aabb": {
        "x": 1,
        "y": 1,
        "z": 1,
      },
      "fixedZIndex": undefined,
      "id": "item-78",
      "state": {
        "position": {
          "x": 16,
          "y": 14,
          "z": 5,
        },
      },
    } => false,
  },
  {
    "aabb": {
      "x": 1,
      "y": 1,
      "z": 1,
    },
    "fixedZIndex": undefined,
    "id": "item-25",
    "state": {
      "position": {
        "x": 10,
        "y": 4,
        "z": 1,
      },
    },
  } => Map {
    {
      "aabb": {
        "x": 1,
        "y": 1,
        "z": 1,
      },
      "fixedZIndex": undefined,
      "id": "item-3",
      "state": {
        "position": {
          "x": 6,
          "y": 0,
          "z": 5,
        },
      },
    } => false,
    {
      "aabb": {
        "x": 1,
        "y": 1,
        "z": 1,
      },
      "fixedZIndex": undefined,
      "id": "item-14",
      "state": {
        "position": {
          "x": 8,
          "y": 2,
          "z": 4,
        },
      },
    } => false,
  },
  {
    "aabb": {
      "x": 1,
      "y": 1,
      "z": 1,
    },
    "fixedZIndex": undefined,
    "id": "item-75",
    "state": {
      "position": {
        "x": 10,
        "y": 14,
        "z": 0,
      },
    },
  } => Map {
    {
      "aabb": {
        "x": 1,
        "y": 1,
        "z": 1,
      },
      "fixedZIndex": undefined,
      "id": "item-53",
      "state": {
        "position": {
          "x": 6,
          "y": 10,
          "z": 5,
        },
      },
    } => false,
    {
      "aabb": {
        "x": 1,
        "y": 1,
        "z": 1,
      },
      "fixedZIndex": undefined,
      "id": "item-42",
      "state": {
        "position": {
          "x": 4,
          "y": 8,
          "z": 5,
        },
      },
    } => false,
  },
  {
    "aabb": {
      "x": 1,
      "y": 1,
      "z": 1,
    },
    "fixedZIndex": undefined,
    "id": "item-51",
    "state": {
      "position": {
        "x": 2,
        "y": 10,
        "z": 3,
      },
    },
  } => Map {
    {
      "aabb": {
        "x": 1,
        "y": 1,
        "z": 1,
      },
      "fixedZIndex": undefined,
      "id": "item-40",
      "state": {
        "position": {
          "x": 0,
          "y": 8,
          "z": 5,
        },
      },
    } => false,
  },
  {
    "aabb": {
      "x": 1,
      "y": 1,
      "z": 1,
    },
    "fixedZIndex": undefined,
    "id": "item-26",
    "state": {
      "position": {
        "x": 12,
        "y": 4,
        "z": 4,
      },
    },
  } => Map {
    {
      "aabb": {
        "x": 1,
        "y": 1,
        "z": 1,
      },
      "fixedZIndex": undefined,
      "id": "item-15",
      "state": {
        "position": {
          "x": 10,
          "y": 2,
          "z": 5,
        },
      },
    } => false,
  },
  {
    "aabb": {
      "x": 1,
      "y": 1,
      "z": 1,
    },
    "fixedZIndex": undefined,
    "id": "item-76",
    "state": {
      "position": {
        "x": 12,
        "y": 14,
        "z": 3,
      },
    },
  } => Map {
    {
      "aabb": {
        "x": 1,
        "y": 1,
        "z": 1,
      },
      "fixedZIndex": undefined,
      "id": "item-65",
      "state": {
        "position": {
          "x": 10,
          "y": 12,
          "z": 5,
        },
      },
    } => false,
  },
  {
    "aabb": {
      "x": 1,
      "y": 1,
      "z": 1,
    },
    "fixedZIndex": undefined,
    "id": "item-21",
    "state": {
      "position": {
        "x": 2,
        "y": 4,
        "z": 0,
      },
    },
  } => Map {
    {
      "aabb": {
        "x": 1,
        "y": 1,
        "z": 1,
      },
      "fixedZIndex": undefined,
      "id": "item-10",
      "state": {
        "position": {
          "x": 0,
          "y": 2,
          "z": 3,
        },
      },
    } => false,
  },
  {
    "aabb": {
      "x": 1,
      "y": 1,
      "z": 1,
    },
    "fixedZIndex": undefined,
    "id": "item-46",
    "state": {
      "position": {
        "x": 12,
        "y": 8,
        "z": 0,
      },
    },
  } => Map {
    {
      "aabb": {
        "x": 1,
        "y": 1,
        "z": 1,
      },
      "fixedZIndex": undefined,
      "id": "item-35",
      "state": {
        "position": {
          "x": 10,
          "y": 6,
          "z": 3,
        },
      },
    } => false,
  },
  {
    "aabb": {
      "x": 1,
      "y": 1,
      "z": 1,
    },
    "fixedZIndex": undefined,
    "id": "item-55",
    "state": {
      "position": {
        "x": 10,
        "y": 10,
        "z": 1,
      },
    },
  } => Map {
    {
      "aabb": {
        "x": 1,
        "y": 1,
        "z": 1,
      },
      "fixedZIndex": undefined,
      "id": "item-44",
      "state": {
        "position": {
          "x": 8,
          "y": 8,
          "z": 2,
        },
      },
    } => false,
  },
  {
    "aabb": {
      "x": 1,
      "y": 1,
      "z": 1,
    },
    "fixedZIndex": undefined,
    "id": "item-96",
    "state": {
      "position": {
        "x": 12,
        "y": 18,
        "z": 1,
      },
    },
  } => Map {
    {
      "aabb": {
        "x": 1,
        "y": 1,
        "z": 1,
      },
      "fixedZIndex": undefined,
      "id": "item-85",
      "state": {
        "position": {
          "x": 10,
          "y": 16,
          "z": 4,
        },
      },
    } => false,
  },
}
`;
